// Jest Snapshot v1, https://goo.gl/fbAQLP

exports[`ServerlessStack matches snapshot 1`] = `
{
  "Outputs": {
    "ApiUrl": {
      "Description": "API endpoint",
      "Value": "https://example.samuel-lawrence.com",
    },
  },
  "Parameters": {
    "BootstrapVersion": {
      "Default": "/cdk-bootstrap/hnb659fds/version",
      "Description": "Version of the CDK Bootstrap resources in this environment, automatically retrieved from SSM Parameter Store. [cdk:skip]",
      "Type": "AWS::SSM::Parameter::Value<String>",
    },
  },
  "Resources": {
    "ApiAliasRecord57DCF44B": {
      "Properties": {
        "AliasTarget": {
          "DNSName": {
            "Fn::GetAtt": [
              "ApiDomainNameAC93F744",
              "RegionalDomainName",
            ],
          },
          "HostedZoneId": {
            "Fn::GetAtt": [
              "ApiDomainNameAC93F744",
              "RegionalHostedZoneId",
            ],
          },
        },
        "HostedZoneId": "DUMMY",
        "Name": "example.samuel-lawrence.com.",
        "Type": "A",
      },
      "Type": "AWS::Route53::RecordSet",
    },
    "ApiCertificate285C31EB": {
      "Properties": {
        "DomainName": "example.samuel-lawrence.com",
        "DomainValidationOptions": [
          {
            "DomainName": "example.samuel-lawrence.com",
            "HostedZoneId": "DUMMY",
          },
        ],
        "Tags": [
          {
            "Key": "Name",
            "Value": "serverless-starter-test/Api/Certificate",
          },
        ],
        "ValidationMethod": "DNS",
      },
      "Type": "AWS::CertificateManager::Certificate",
    },
    "ApiDomainNameAC93F744": {
      "Properties": {
        "DomainName": "example.samuel-lawrence.com",
        "DomainNameConfigurations": [
          {
            "CertificateArn": {
              "Ref": "ApiCertificate285C31EB",
            },
            "EndpointType": "REGIONAL",
          },
        ],
      },
      "Type": "AWS::ApiGatewayV2::DomainName",
    },
    "ApiHttpApi4C294DC0": {
      "Properties": {
        "Name": "test-api",
        "ProtocolType": "HTTP",
      },
      "Type": "AWS::ApiGatewayV2::Api",
    },
    "ApiHttpApiANYproxy3D22424D": {
      "Properties": {
        "ApiId": {
          "Ref": "ApiHttpApi4C294DC0",
        },
        "AuthorizationType": "NONE",
        "RouteKey": "ANY /{proxy+}",
        "Target": {
          "Fn::Join": [
            "",
            [
              "integrations/",
              {
                "Ref": "ApiHttpApiANYproxyProxyIntegrationC7284830",
              },
            ],
          ],
        },
      },
      "Type": "AWS::ApiGatewayV2::Route",
    },
    "ApiHttpApiANYproxyProxyIntegrationC7284830": {
      "Properties": {
        "ApiId": {
          "Ref": "ApiHttpApi4C294DC0",
        },
        "IntegrationType": "AWS_PROXY",
        "IntegrationUri": {
          "Fn::GetAtt": [
            "RequestHandlerFunction8AE13AE7",
            "Arn",
          ],
        },
        "PayloadFormatVersion": "2.0",
      },
      "Type": "AWS::ApiGatewayV2::Integration",
    },
    "ApiHttpApiANYproxyProxyIntegrationPermission853FBE0F": {
      "Properties": {
        "Action": "lambda:InvokeFunction",
        "FunctionName": {
          "Fn::GetAtt": [
            "RequestHandlerFunction8AE13AE7",
            "Arn",
          ],
        },
        "Principal": "apigateway.amazonaws.com",
        "SourceArn": {
          "Fn::Join": [
            "",
            [
              "arn:",
              {
                "Ref": "AWS::Partition",
              },
              ":execute-api:eu-west-1:123456789012:",
              {
                "Ref": "ApiHttpApi4C294DC0",
              },
              "/*/*/{proxy+}",
            ],
          ],
        },
      },
      "Type": "AWS::Lambda::Permission",
    },
    "ApiHttpApiDefaultStageE708EF42": {
      "DependsOn": [
        "ApiDomainNameAC93F744",
      ],
      "Properties": {
        "ApiId": {
          "Ref": "ApiHttpApi4C294DC0",
        },
        "AutoDeploy": true,
        "StageName": "$default",
      },
      "Type": "AWS::ApiGatewayV2::Stage",
    },
    "ApiHttpApiDefaultStageserverlessstartertestApiDomainNameundefined8A130F91": {
      "DependsOn": [
        "ApiDomainNameAC93F744",
        "ApiHttpApiDefaultStageE708EF42",
      ],
      "Properties": {
        "ApiId": {
          "Ref": "ApiHttpApi4C294DC0",
        },
        "DomainName": {
          "Ref": "ApiDomainNameAC93F744",
        },
        "Stage": "$default",
      },
      "Type": "AWS::ApiGatewayV2::ApiMapping",
    },
    "ApiHttpApiGEThealth60A18DF0": {
      "Properties": {
        "ApiId": {
          "Ref": "ApiHttpApi4C294DC0",
        },
        "AuthorizationType": "NONE",
        "RouteKey": "GET /health",
        "Target": {
          "Fn::Join": [
            "",
            [
              "integrations/",
              {
                "Ref": "ApiHttpApiGEThealthHealthIntegration4C7C9D5C",
              },
            ],
          ],
        },
      },
      "Type": "AWS::ApiGatewayV2::Route",
    },
    "ApiHttpApiGEThealthHealthIntegration4C7C9D5C": {
      "Properties": {
        "ApiId": {
          "Ref": "ApiHttpApi4C294DC0",
        },
        "IntegrationType": "AWS_PROXY",
        "IntegrationUri": {
          "Fn::GetAtt": [
            "RequestHandlerFunction8AE13AE7",
            "Arn",
          ],
        },
        "PayloadFormatVersion": "2.0",
      },
      "Type": "AWS::ApiGatewayV2::Integration",
    },
    "ApiHttpApiGEThealthHealthIntegrationPermission29020FC0": {
      "Properties": {
        "Action": "lambda:InvokeFunction",
        "FunctionName": {
          "Fn::GetAtt": [
            "RequestHandlerFunction8AE13AE7",
            "Arn",
          ],
        },
        "Principal": "apigateway.amazonaws.com",
        "SourceArn": {
          "Fn::Join": [
            "",
            [
              "arn:",
              {
                "Ref": "AWS::Partition",
              },
              ":execute-api:eu-west-1:123456789012:",
              {
                "Ref": "ApiHttpApi4C294DC0",
              },
              "/*/*/health",
            ],
          ],
        },
      },
      "Type": "AWS::Lambda::Permission",
    },
    "CustomS3AutoDeleteObjectsCustomResourceProviderHandler9D90184F": {
      "DependsOn": [
        "CustomS3AutoDeleteObjectsCustomResourceProviderRole3B1BD092",
      ],
      "Properties": {
        "Code": {
          "S3Bucket": "cdk-hnb659fds-assets-123456789012-eu-west-1",
          "S3Key": "faa95a81ae7d7373f3e1f242268f904eb748d8d0fdd306e8a6fe515a1905a7d6.zip",
        },
        "Description": {
          "Fn::Join": [
            "",
            [
              "Lambda function for auto-deleting objects in ",
              {
                "Ref": "StorageBucket5CB7C8EA",
              },
              " S3 bucket.",
            ],
          ],
        },
        "Handler": "index.handler",
        "MemorySize": 128,
        "Role": {
          "Fn::GetAtt": [
            "CustomS3AutoDeleteObjectsCustomResourceProviderRole3B1BD092",
            "Arn",
          ],
        },
        "Runtime": "nodejs22.x",
        "Timeout": 900,
      },
      "Type": "AWS::Lambda::Function",
    },
    "CustomS3AutoDeleteObjectsCustomResourceProviderRole3B1BD092": {
      "Properties": {
        "AssumeRolePolicyDocument": {
          "Statement": [
            {
              "Action": "sts:AssumeRole",
              "Effect": "Allow",
              "Principal": {
                "Service": "lambda.amazonaws.com",
              },
            },
          ],
          "Version": "2012-10-17",
        },
        "ManagedPolicyArns": [
          {
            "Fn::Sub": "arn:\${AWS::Partition}:iam::aws:policy/service-role/AWSLambdaBasicExecutionRole",
          },
        ],
      },
      "Type": "AWS::IAM::Role",
    },
    "DatabaseTableF104A135": {
      "DeletionPolicy": "Delete",
      "Properties": {
        "AttributeDefinitions": [
          {
            "AttributeName": "pk",
            "AttributeType": "S",
          },
          {
            "AttributeName": "sk",
            "AttributeType": "S",
          },
        ],
        "BillingMode": "PAY_PER_REQUEST",
        "KeySchema": [
          {
            "AttributeName": "pk",
            "KeyType": "HASH",
          },
          {
            "AttributeName": "sk",
            "KeyType": "RANGE",
          },
        ],
        "PointInTimeRecoverySpecification": {
          "PointInTimeRecoveryEnabled": false,
        },
        "TableName": "test-items",
      },
      "Type": "AWS::DynamoDB::Table",
      "UpdateReplacePolicy": "Delete",
    },
    "RequestHandlerDlq26D289E8": {
      "DeletionPolicy": "Delete",
      "Properties": {
        "MessageRetentionPeriod": 1209600,
        "QueueName": "test-request-handler-dlq",
      },
      "Type": "AWS::SQS::Queue",
      "UpdateReplacePolicy": "Delete",
    },
    "RequestHandlerFunction8AE13AE7": {
      "DependsOn": [
        "RequestHandlerFunctionServiceRoleDefaultPolicy15882BC3",
        "RequestHandlerFunctionServiceRole7D75EC08",
      ],
      "Properties": {
        "Architectures": [
          "arm64",
        ],
        "Code": {
          "S3Bucket": "cdk-hnb659fds-assets-123456789012-eu-west-1",
          "S3Key": "26a1b305f8d1f938b9971060ceaac506273ec327d845127a3a8ae85431c9503f.zip",
        },
        "DeadLetterConfig": {
          "TargetArn": {
            "Fn::GetAtt": [
              "RequestHandlerDlq26D289E8",
              "Arn",
            ],
          },
        },
        "Environment": {
          "Variables": {
            "BUCKET_NAME": {
              "Ref": "StorageBucket5CB7C8EA",
            },
            "SERVICE_NAME": "test-request-handler",
            "STAGE": "test",
            "TABLE_NAME": {
              "Ref": "DatabaseTableF104A135",
            },
          },
        },
        "FunctionName": "test-request-handler",
        "Handler": "index.handler",
        "MemorySize": 256,
        "Role": {
          "Fn::GetAtt": [
            "RequestHandlerFunctionServiceRole7D75EC08",
            "Arn",
          ],
        },
        "Runtime": "nodejs20.x",
        "Timeout": 10,
      },
      "Type": "AWS::Lambda::Function",
    },
    "RequestHandlerFunctionServiceRole7D75EC08": {
      "Properties": {
        "AssumeRolePolicyDocument": {
          "Statement": [
            {
              "Action": "sts:AssumeRole",
              "Effect": "Allow",
              "Principal": {
                "Service": "lambda.amazonaws.com",
              },
            },
          ],
          "Version": "2012-10-17",
        },
        "ManagedPolicyArns": [
          {
            "Fn::Join": [
              "",
              [
                "arn:",
                {
                  "Ref": "AWS::Partition",
                },
                ":iam::aws:policy/service-role/AWSLambdaBasicExecutionRole",
              ],
            ],
          },
        ],
      },
      "Type": "AWS::IAM::Role",
    },
    "RequestHandlerFunctionServiceRoleDefaultPolicy15882BC3": {
      "Properties": {
        "PolicyDocument": {
          "Statement": [
            {
              "Action": "sqs:SendMessage",
              "Effect": "Allow",
              "Resource": {
                "Fn::GetAtt": [
                  "RequestHandlerDlq26D289E8",
                  "Arn",
                ],
              },
            },
            {
              "Action": [
                "dynamodb:BatchGetItem",
                "dynamodb:Query",
                "dynamodb:GetItem",
                "dynamodb:Scan",
                "dynamodb:ConditionCheckItem",
                "dynamodb:BatchWriteItem",
                "dynamodb:PutItem",
                "dynamodb:UpdateItem",
                "dynamodb:DeleteItem",
                "dynamodb:DescribeTable",
              ],
              "Effect": "Allow",
              "Resource": [
                {
                  "Fn::GetAtt": [
                    "DatabaseTableF104A135",
                    "Arn",
                  ],
                },
              ],
            },
            {
              "Action": [
                "dynamodb:GetRecords",
                "dynamodb:GetShardIterator",
              ],
              "Effect": "Allow",
              "Resource": [
                {
                  "Fn::GetAtt": [
                    "DatabaseTableF104A135",
                    "Arn",
                  ],
                },
              ],
            },
            {
              "Action": [
                "s3:GetObject*",
                "s3:GetBucket*",
                "s3:List*",
                "s3:DeleteObject*",
                "s3:PutObject",
                "s3:PutObjectLegalHold",
                "s3:PutObjectRetention",
                "s3:PutObjectTagging",
                "s3:PutObjectVersionTagging",
                "s3:Abort*",
              ],
              "Effect": "Allow",
              "Resource": [
                {
                  "Fn::GetAtt": [
                    "StorageBucket5CB7C8EA",
                    "Arn",
                  ],
                },
                {
                  "Fn::Join": [
                    "",
                    [
                      {
                        "Fn::GetAtt": [
                          "StorageBucket5CB7C8EA",
                          "Arn",
                        ],
                      },
                      "/*",
                    ],
                  ],
                },
              ],
            },
          ],
          "Version": "2012-10-17",
        },
        "PolicyName": "RequestHandlerFunctionServiceRoleDefaultPolicy15882BC3",
        "Roles": [
          {
            "Ref": "RequestHandlerFunctionServiceRole7D75EC08",
          },
        ],
      },
      "Type": "AWS::IAM::Policy",
    },
    "StorageBucket5CB7C8EA": {
      "DeletionPolicy": "Delete",
      "Properties": {
        "BucketEncryption": {
          "ServerSideEncryptionConfiguration": [
            {
              "ServerSideEncryptionByDefault": {
                "SSEAlgorithm": "AES256",
              },
            },
          ],
        },
        "BucketName": "test-assets",
        "PublicAccessBlockConfiguration": {
          "BlockPublicAcls": true,
          "BlockPublicPolicy": true,
          "IgnorePublicAcls": true,
          "RestrictPublicBuckets": true,
        },
        "Tags": [
          {
            "Key": "aws-cdk:auto-delete-objects",
            "Value": "true",
          },
        ],
      },
      "Type": "AWS::S3::Bucket",
      "UpdateReplacePolicy": "Delete",
    },
    "StorageBucketAutoDeleteObjectsCustomResource778EAED0": {
      "DeletionPolicy": "Delete",
      "DependsOn": [
        "StorageBucketPolicy49CFBD91",
      ],
      "Properties": {
        "BucketName": {
          "Ref": "StorageBucket5CB7C8EA",
        },
        "ServiceToken": {
          "Fn::GetAtt": [
            "CustomS3AutoDeleteObjectsCustomResourceProviderHandler9D90184F",
            "Arn",
          ],
        },
      },
      "Type": "Custom::S3AutoDeleteObjects",
      "UpdateReplacePolicy": "Delete",
    },
    "StorageBucketPolicy49CFBD91": {
      "Properties": {
        "Bucket": {
          "Ref": "StorageBucket5CB7C8EA",
        },
        "PolicyDocument": {
          "Statement": [
            {
              "Action": "s3:*",
              "Condition": {
                "Bool": {
                  "aws:SecureTransport": "false",
                },
              },
              "Effect": "Deny",
              "Principal": {
                "AWS": "*",
              },
              "Resource": [
                {
                  "Fn::GetAtt": [
                    "StorageBucket5CB7C8EA",
                    "Arn",
                  ],
                },
                {
                  "Fn::Join": [
                    "",
                    [
                      {
                        "Fn::GetAtt": [
                          "StorageBucket5CB7C8EA",
                          "Arn",
                        ],
                      },
                      "/*",
                    ],
                  ],
                },
              ],
            },
            {
              "Action": [
                "s3:PutBucketPolicy",
                "s3:GetBucket*",
                "s3:List*",
                "s3:DeleteObject*",
              ],
              "Effect": "Allow",
              "Principal": {
                "AWS": {
                  "Fn::GetAtt": [
                    "CustomS3AutoDeleteObjectsCustomResourceProviderRole3B1BD092",
                    "Arn",
                  ],
                },
              },
              "Resource": [
                {
                  "Fn::GetAtt": [
                    "StorageBucket5CB7C8EA",
                    "Arn",
                  ],
                },
                {
                  "Fn::Join": [
                    "",
                    [
                      {
                        "Fn::GetAtt": [
                          "StorageBucket5CB7C8EA",
                          "Arn",
                        ],
                      },
                      "/*",
                    ],
                  ],
                },
              ],
            },
          ],
          "Version": "2012-10-17",
        },
      },
      "Type": "AWS::S3::BucketPolicy",
    },
  },
  "Rules": {
    "CheckBootstrapVersion": {
      "Assertions": [
        {
          "Assert": {
            "Fn::Not": [
              {
                "Fn::Contains": [
                  [
                    "1",
                    "2",
                    "3",
                    "4",
                    "5",
                  ],
                  {
                    "Ref": "BootstrapVersion",
                  },
                ],
              },
            ],
          },
          "AssertDescription": "CDK bootstrap stack version 6 required. Please run 'cdk bootstrap' with a recent version of the CDK CLI.",
        },
      ],
    },
  },
}
`;
